[mobapps.bid/index.html]
[s10.histats.com/js15_as.js]
[backblue.gif]
[fade.gif]
[index.html]
[sstatic1.histats.com/0c831.gif]
[maxcdn.bootstrapcdn.com/font-awesome/4.5.0/css/font-awesome.min.css]
[mobapps.bid/css/bootstrap.min.css]
[mobapps.bid/css/animate.css]
[mobapps.bid/css/sweetalert2.min.css]
[mobapps.bid/css/magnific-popup.css]
[mobapps.bid/css/style.css]
[mobapps.bid/img/main-bg.jpg]
[mobapps.bid/index-2.html]
[mobapps.bid/img/logo.png]
[mobapps.bid/img/resource-1-img.png]
[mobapps.bid/img/resource-2-img.png]
[mobapps.bid/img/player.png]
[mobapps.bid/js/bootstrap.min.js]
[ajax.googleapis.com/ajax/libs/jquery/2.1.4/jquery.min.js]
[mobapps.bid/js/jquery.countTo.js]
[mobapps.bid/js/sweetalert2.min.js]
[ajax.googleapis.com/ajax/libs/jqueryui/1.8.13/jquery-ui.min.js]
[mobapps.bid/js/jquery.fitvids.js]
[mobapps.bid/js/validator.min.js]
[mobapps.bid/js/ion.sound.min.js]
[mobapps.bid/js/typed.min.js]
[mobapps.bid/js/form-scripts.js]
[mobapps.bid/js/jquery.magnific-popup.min.js]
[mobapps.bid/js/stickyWZOR.js]
[mobapps.bid/index.html]
[mobapps.bid/img/favicon.html]
[maxcdn.bootstrapcdn.com/font-awesome/4.5.0/css/font-awesome.min.css]
[mobapps.bid/js/mainWZOR.js]
[mobapps.bid/css/bootstrap.min.css]
[mobapps.bid/css/animate.css]
[mobapps.bid/css/sweetalert2.min.css]
[mobapps.bid/css/magnific-popup.css]
[mobapps.bid/img/dotted-bg-overlay.png]
[mobapps.bid/css/style.css]
[mobapps.bid/index-2.html]
[mobapps.bid/fonts/glyphicons-halflings-regular.html]
[mobapps.bid/fonts/glyphicons-halflings-regulard41d.html]
[mobapps.bid/fonts/glyphicons-halflings-regular-2.html]
[mobapps.bid/fonts/glyphicons-halflings-regular-3.html]
[mobapps.bid/fonts/glyphicons-halflings-regular-4.html]
[mobapps.bid/fonts/glyphicons-halflings-regular-5.html]
[mobapps.bid/fonts/supercell-magic.html]
[mobapps.bid/fonts/supercell-magic-.html]
[mobapps.bid/fonts/supercell-magic-2.html]
[mobapps.bid/fonts/supercell-magic-3.html]
[mobapps.bid/fonts/supercell-magic-4.html]
[mobapps.bid/fonts/et-line.html]
[mobapps.bid/fonts/et-lined41d.html]
[mobapps.bid/fonts/et-line-2.html]
[mobapps.bid/fonts/et-line-3.html]
[mobapps.bid/fonts/et-line-4.html]
